// Jest Snapshot v1, https://goo.gl/fbAQLP

exports[`UI Text check text languages 1`] = `
Object {
  "de": Object {},
  "en": Object {
    "AdministrationDataDownload": "Administration Data Download",
    "AdministrationDataUpload": "Administration Data Upload",
    "AdministrationDownloadPageHint": "Uncheck Prefilled if you only want an upload template",
    "EntitiesDataDownload": "Entities Data Download",
    "EntitiesDataUpload": "Entities Data Upload",
    "EntitiesDownloadPageHint": "Uncheck Prefilled if you only want an upload template",
    "accountDisclaimer": "The user is accountable for his/her account and in case there are any changes (Transfers, retirement, any kind of leave, resignation etc) this should be communicated to the County Administrator or National Super Admin who might be able to assign the roles to the new officer.",
    "actionColumn": "Action",
    "addAdmDesc": <React.Fragment>
      This page allows you to add administration to the
       
      Test App
       platform.
    </React.Fragment>,
    "addAdministration": "Add Administration",
    "addAttributeDesc": <React.Fragment>
      This page allows you to add attribute to the 
      Test App
       
      platform.
    </React.Fragment>,
    "addAttributes": "Add Attribute",
    "addEntities": "Add Entities",
    "addEntity": "Add New",
    "addEntityData": "Add New",
    "addEntityDesc": <React.Fragment>
      This page allows you to add entity to the 
      Test App
       
      platform.
    </React.Fragment>,
    "addEntityTypeDesc": <React.Fragment>
      This page allows you to add entity type to the 
      Test App
       
      platform.
    </React.Fragment>,
    "addNewButton": "Add New",
    "addNewUser": "Add new user",
    "addOptionButton": "Add option",
    "addOrgDesc": <React.Fragment>
      This page allows you to add organisations to the 
      Test App
       
      platform.
    </React.Fragment>,
    "addOrganisation": "Add Organization",
    "addRole": "Add Role",
    "addRoleDescription": <React.Fragment>
      This page allows you to add roles to the 
      Test App
       
      platform.
    </React.Fragment>,
    "addUser": "Add User",
    "addUserDescription": <React.Fragment>
      This page allows you to add users to the 
      Test App
       
      platform. You will only be able to add users for regions under your jurisdisction.
      <br />
      Once you have added the user, the user will be notified by email to set their password and access the platform
    </React.Fragment>,
    "admConfirmDelete": "Are you sure you want to delete this administration?",
    "admErrDeleteTitle": "Unable to delete the administration",
    "admFieldRequired": "Administration is required",
    "admLevel": "Administration Level",
    "admName": "Administration Name",
    "admNameRequired": "Administration name is required",
    "admPanelText": <React.Fragment>
      This is where you :
      <ul>
        <li>
          Add new administration
        </li>
        <li>
          Modify existing administration
        </li>
        <li>
          Delete existing administration
        </li>
        <li>
          Bulk upload administration
        </li>
      </ul>
    </React.Fragment>,
    "admParent": "Administration Parent",
    "admSuccessAdded": "Administration added",
    "admSuccessDeleted": "Administration deleted",
    "admSuccessUpdated": "Administration updated",
    "admTabTitle": "Administrative List",
    "administrationField": "Administration",
    "administrationLabel": "Administration",
    "administrationUploadSuccessTitle": "Administration Data has been Successfully Uploaded",
    "approvalsTab1": "My Pending",
    "approvalsTab2": "Subordinates Approvals",
    "approvalsTab3": "Approved",
    "approvalsTitle": "Approvals",
    "approversDescription": <React.Fragment>
      This is where you can see the approvers for each submitted form across different administrative areas:
    </React.Fragment>,
    "attrConfirmDelete": "Are you sure you want to delete this attribute?",
    "attrErrDeleteTitle": "Unable to delete the attribute",
    "attrName": "Attribute name",
    "attrNameRequired": "Attribute name is required",
    "attrSuccessAdded": "Attribute added",
    "attrSuccessDeleted": "Attribute deleted",
    "attrSuccessUpdated": "Attribute updated",
    "attrTabTitle": "Attributes",
    "attrType": "Attribute type",
    "attrTypeRequired": "Attribute type is required",
    "backBtn": "Back",
    "backHome": "Back to Homepage",
    "backManageData": "Back to Manage Data",
    "backToAdmLabel": "Back to Administrative List",
    "backToCenterLabel": "Back to Control Center",
    "batchDatasets": "Batch Datasets",
    "batchHintDesc": "The operation of merging datasets cannot be undone, and will Create a new batch that will require approval from you admin",
    "batchHintText": "You are about to create a Batch CSV File",
    "batchName": "Batch Name",
    "batchNoApproverMessage": "Can't create batch data, because there's no approver yet.",
    "batchSelectedDatasets": "Batch Selected Datasets",
    "browseComputer": "Browse your computer",
    "bulkUploadAttr": "Attributes",
    "bulkUploadAttrPlaceholder": "Select Attributes...",
    "bulkUploadButton": "Bulk Upload",
    "bulkUploadCheckboxPrefilled": "Prefilled administrative list",
    "bulkUploadNoApproverMessage": "Can't upload data, because there's no approver yet.",
    "cancelButton": "Cancel",
    "ccDescriptionPanel": "Instant access to all the administration pages and overview panels for data approvals.",
    "channelCol": "Channel",
    "chooseTemplate": "Choose a template",
    "codeField": "Code",
    "codeFieldRequired": "Code is required",
    "codeLabel": "Code",
    "confirmDeleteEntity": "Are you sure you want to delete this entity?",
    "confirmDeleteEntityData": "Are you sure you want to delete this data?",
    "contactAdmin": "Please contact the administrator",
    "controlCenter": "Control Center",
    "createNewBatch": "Create a new batch",
    "dashboards": "Dashboards",
    "dataAdministrationDownloadText": <React.Fragment>
      This is where you :
      <ul>
        <li>
          Download administration data
        </li>
      </ul>
    </React.Fragment>,
    "dataAdministrationUploadText": <React.Fragment>
      This is where you :
      <ul>
        <li>
          Bulk upload administration data
        </li>
      </ul>
    </React.Fragment>,
    "dataDownloadButton": "Download Data",
    "dataDownloadText": <React.Fragment>
      This is where you :
      <ul>
        <li>
          Access downloaded data
        </li>
      </ul>
    </React.Fragment>,
    "dataDownloadTitle": "Data Download",
    "dataEntitiesDownloadText": <React.Fragment>
      This is where you :
      <ul>
        <li>
          Download entities data
        </li>
      </ul>
    </React.Fragment>,
    "dataEntitiesUploadText": <React.Fragment>
      This is where you :
      <ul>
        <li>
          Bulk upload entities data
        </li>
      </ul>
    </React.Fragment>,
    "dataExportFail": "Data download failed",
    "dataExportSuccess": "Data downloaded successfully",
    "dataUploadButton": "Data Upload",
    "dataUploadText": <React.Fragment>
      This is where you :
      <ul>
        <li>
          Download upload template
        </li>
        <li>
          Bulk upload new data
        </li>
        <li>
          Bulk update existing data
        </li>
      </ul>
    </React.Fragment>,
    "dataUploadTitle": "Data Upload",
    "deleteOrganisationDesc": [Function],
    "deleteOrganisationTitle": "You are about to delete the organization",
    "deleteText": "Delete",
    "deleteUserDesc": <React.Fragment>
      The User will no longer be able to access the 
      Test App
       
      platform as an Enumrator/Admin etc
    </React.Fragment>,
    "deleteUserHint": "Deleting this user will not delete the data association(s)",
    "deleteUserTitle": "You are about to delete the user",
    "download": "Download",
    "downloadHere": "download here",
    "downloadTitle": "Downloads",
    "dropFile": "Drop your file here",
    "editAdmDesc": <React.Fragment>
      This page allows you to edit administration to the
       
      Test App
       platform.
    </React.Fragment>,
    "editAdministration": "Edit Administration",
    "editAttributeDesc": <React.Fragment>
      This page allows you to edit attribute to the 
      Test App
       
      platform.
    </React.Fragment>,
    "editAttributes": "Edit Attribute",
    "editButton": "Edit",
    "editEntity": "Edit Entity",
    "editEntityData": "Edit data",
    "editEntityDesc": <React.Fragment>
      This page allows you to edit entity to the 
      Test App
       
      platform.
    </React.Fragment>,
    "editEntityTypeDesc": <React.Fragment>
      This page allows you to edit entity type to the 
      Test App
       
      platform.
    </React.Fragment>,
    "editOrgDesc": <React.Fragment>
      This page allows you to edit organisations to the
       
      Test App
       platform.
    </React.Fragment>,
    "editOrganisation": "Edit Organization",
    "editRole": "Edit Role",
    "editUser": "Edit User",
    "endOfListLabel": "End of List",
    "entitiesUploadSuccessTitle": "Entities Data has been Successfully Uploaded",
    "entityDataTitle": "Entity Data",
    "entityIsRequired": "Entity is required",
    "entityLabel": "Entity",
    "entityTabTitle": "Entities",
    "entityText": "Entity",
    "entityType": "Entity Type",
    "entityTypes": "Entity Types",
    "errAddOrg": "Organization could not be added",
    "errDeleteCascadeText1": "It is associated with other resources or has cascade restrictions.",
    "errDeleteCascadeText2": "Please review and resolve dependencies before attempting to delete.",
    "errDeleteEntityDataTitle": "Unable to delete the data",
    "errDeleteEntityTitle": "Unable to delete the entity",
    "errUpdateOrg": "Organization could not be updated",
    "error": "Error",
    "errorAuth": "You are not authorised to access this page",
    "errorDataLoad": "Could not load data",
    "errorEntityData": [Function],
    "errorEntityNotExists": [Function],
    "errorFileList": "Could not fetch File list",
    "errorFileUpload": "Could not upload file",
    "errorMandatoryFields": "Please answer all the mandatory questions",
    "errorPageNA": "Oops, this page is not available",
    "errorSomething": "Something went wrong",
    "errorURL": <React.Fragment>
      Please check the URL again or let us take you back to the
       
      Test App
       homepage
    </React.Fragment>,
    "errorUnknown": "An unknown error occurred",
    "errorUserLoad": "Failed to load user data",
    "errorVerifyCreds": "Please verify your credentials for the requested resource",
    "eventTitle": "News & Events",
    "existingApproverDescription": "Please update the setup in manage validation tree or remove these forms for the current user",
    "existingApproverTitle": "There are existing approvers for:",
    "exportButton": "Export",
    "exportEntityError": "Unable to export entities",
    "exportPanelText": <React.Fragment>
      <p>
        This page shows your list of data export requests.
        <br />
        For exports which are already generated, please click on the Download button to download the data.
      </p>
    </React.Fragment>,
    "failed": "Failed",
    "fetchingForm": "Fetching form..",
    "fileUploadFail": "Could not upload file",
    "fileUploadSuccess": "File uploaded successfully",
    "finish": "Finish",
    "finishSubmissionBatchBtn": "Finish and Go to Batch",
    "finishSubmissionBtn": "Finish and Go to Manage Data",
    "forgotDesc": "Enter the email associated with your account and we&apos;ll Send an email with instructions to reset your password",
    "forgotTitle": "Reset your password",
    "formAssignmentError": "You don't have any form assignment, please contact the administrator",
    "formColumn": "Form",
    "formDescription": <p>
      Please fill up the webform below with relevant responses. You will need to answer all mandatory questions before you can submit.
      <br />
      Once you have sumitted a webform, please do not forget to add it as part of a batch and send it for approval.
    </p>,
    "formPasscode": "Form Passcode",
    "formSuccessSubTitle": "Do note that this data has NOT been sent for approval. If you are ready to send the submissions for approval, please create a batch and send to the approver",
    "formSuccessSubTitleForAdmin": "Do note that the data submitted by SUPER ADMIN role will not go through the approval flow and recorded as approved data",
    "formSuccessTitle": "Thank you for the submission",
    "generating": "Generating",
    "helloText": "Hello",
    "homeFooterAboutText": <React.Fragment>
      The Fiji Integrated Water and Sewerage Information Management System (
      Test App
      ) is a comprehensive platform designed to enhance the management of water and sewerage services in Fiji. It serves as a centralized hub for data collection, analysis, and reporting, enabling informed decision-making and efficient resource allocation.
    </React.Fragment>,
    "homeFooterAboutTitle": <React.Fragment>
      About 
      Test App
    </React.Fragment>,
    "homeFooterContactAddress": Array [
      "Private Mail Bag, Suva, Fiji",
      "Level 4, Nasilivata House, Ratu Mara Road,",
      "Samabula, Suva",
    ],
    "homeFooterContactDetails": Array [
      "Department of Water and Sewerage",
      "Ministry of Public Works and Meteorological Services, and Transport",
    ],
    "homeFooterContactPhone": "(+679) 3384111",
    "homeFooterContactTitle": "Contact Us",
    "homeFooterCopyrightText": "© 2025 Department of Water and Sewerage",
    "homeFooterPoweredByText": "Powered by",
    "homeFooterQuickLinksTitle": "Quick Links",
    "homeJumbotronImage": Object {
      "alt": "Water landscape",
      "src": "https://images.unsplash.com/photo-1642450909999-7106494ef779?q=80&w=1974&auto=format&fit=crop&ixlib=rb-4.0.3&ixid=M3wxMjA3fDB8MHxwaG90by1wYWdlfHx8fGVufDB8fHx8fA%3D%3D",
    },
    "homeJumbotronSubtitle": <React.Fragment>
      The Fiji 
      Test App
       is a comprehensive platform designed to enhance the management of water and sewerage services in Fiji.
    </React.Fragment>,
    "homeJumbotronTitle": <React.Fragment>
      Test App
    </React.Fragment>,
    "homeKeyRolesItems": Array [
      Object {
        "imgAlt": "Water policy",
        "imgSrc": "https://images.unsplash.com/photo-1450101499163-c8848c66ca85?q=80&w=2070&auto=format&fit=crop&ixlib=rb-4.0.3&ixid=M3wxMjA3fDB8MHxwaG90by1wYWdlfHx8fGVufDB8fHx8fA%3D%3D",
        "text": "Formulating regulatory frameworks and policies to promote a sustainable water and sewerage sector. Providing expert advice on water and sewerage issues to support effective governance.",
        "title": "Policy & Legislation",
        "type": "right",
      },
      Object {
        "imgAlt": "Compliance monitoring",
        "imgSrc": "https://images.unsplash.com/photo-1708807472445-d33589e6b090?q=80&w=1974&auto=format&fit=crop&ixlib=rb-4.0.3&ixid=M3wxMjA3fDB8MHxwaG90by1wYWdlfHx8fGVufDB8fHx8fA%3D%3D",
        "text": "Overseeing adherence to established policies, legislation, and industry standards. Serving as the primary government agency responsible for monitoring the activities of the Water Authority of Fiji.",
        "title": "Monitoring & Oversight",
        "type": "left",
      },
      Object {
        "imgAlt": "Technical and policy advisory",
        "imgSrc": "/assets/technical-advisory.jpg",
        "text": "Providing expert advice on water and sewerage issues to support effective governance and operational efficiency.",
        "title": "Technical and Policy Advisory",
        "type": "right",
      },
      Object {
        "imgAlt": "Compliance monitoring",
        "imgSrc": "https://plus.unsplash.com/premium_photo-1661964131234-fda88ca041c5?q=80&w=2071&auto=format&fit=crop&ixlib=rb-4.0.3&ixid=M3wxMjA3fDB8MHxwaG90by1wYWdlfHx8fGVufDB8fHx8fA%3D%3D",
        "text": "Serving as the primary government agency responsible for monitoring the activities of the Water Authority of Fiji and ensuring compliance with national regulations.",
        "title": "Water Authority of Fiji Oversight",
        "type": "left",
      },
    ],
    "homeKeyRolesText": "The key roles and responsibilities of the Department include policy and legislation development, technical and policy advisory, compliance monitoring, and Water Authority of Fiji oversight.",
    "homeKeyRolesTitle": "Key Roles and Responsibilities",
    "homeMandateText": "The Department of Water and Sewerage is mandated with the responsibility of ensuring a sustainable water and sewerage sector through the development of innovative policies, efficient service delivery, and rigorous compliance monitoring.",
    "homeMandateTitle": "Our Mandate",
    "homeQuickLinks": Array [
      Object {
        "href": "/privacy-policy",
        "text": "Privacy Policy",
      },
      Object {
        "href": "/terms-n-conditions",
        "text": "Terms & Conditions",
      },
      Object {
        "href": "/cookie-policy",
        "text": "Cookie Policy",
      },
    ],
    "homeStructureImage": Object {
      "alt": "Water resources",
      "src": "https://images.unsplash.com/photo-1744157801849-5e090acbdf84?q=80&w=2089&auto=format&fit=crop&ixlib=rb-4.0.3&ixid=M3wxMjA3fDB8MHxwaG90by1wYWdlfHx8fGVufDB8fHx8fA%3D%3D",
    },
    "homeStructureText": "The Department is headed by the Director of Water and Sewerage with the Technical Unit responsible for monitoring and compliance and Policy Unit responsible for policy and regulatory matters, supported by common cadre support staff.",
    "homeStructureTitle": "Department Structure",
    "informUser": "Inform User for Changes",
    "instructionsMailed": "Instructions mailed successfully",
    "invalidInviteDesc": "Lorem, ipsum dolor sit amet consectetur adipisicing elit. Autem provident voluptatum cum numquam, quidem vitae, qui quam beatae exercitationem ullam perferendis! Nobis in aut fuga voluptate harum, tempore distinctio optio.",
    "invalidInviteTitle": "Invalid Invite Code",
    "lastLoginLabel": "Last login",
    "lastResponseCol": "Last Response",
    "lastUpdatedCol": "Last Updated",
    "latestUpdateText": "Latest Updates",
    "levelField": "Level",
    "levelFieldRequired": "Level is required",
    "levelLabel": "Level",
    "loadMoreLable": "Load More",
    "loadingText": "Loading...",
    "login": "Log in",
    "loginLoadingTex": <React.Fragment>
      Verifying
      <br />
      <small>
        Please wait..
      </small>
    </React.Fragment>,
    "loginTitle": "Welcome back",
    "lorem": "Lorem ipsum dolor sit amet consectetur adipisicing elit. Possimus, assumenda quos? Quia deleniti sapiente aut! Ab consequatur cumque fugit ea. Dolore ex rerum quisquam inventore eum dicta doloribus harum cum.",
    "lorem2": "Lorem ipsum dolor sit amet consectetur adipisicing elit.",
    "manageAdministrativeList": "Manage Administrative List",
    "manageAttributeText": <React.Fragment>
      This is where you manage attributes based on their fields. You can :
      <ul>
        <li>
          Add new attribute
        </li>
        <li>
          Modify existing attribute
        </li>
        <li>
          Delete existing attribute
        </li>
      </ul>
    </React.Fragment>,
    "manageAttributes": "Manage Attributes",
    "manageDataButton": "Manage Data",
    "manageDataTab1": "Registration Data",
    "manageDataTab2": "Monitoring Data",
    "manageDataText": <React.Fragment>
      This is where you :
      <ul>
        <li>
          Add new data using webforms
        </li>
        <li>
          Bulk upload data using spreadsheets
        </li>
        <li>
          Download data
        </li>
      </ul>
    </React.Fragment>,
    "manageDataTitle": "Manage Data",
    "manageDataValidationSetup": "Validation Tree",
    "manageEntities": "Manage Entities",
    "manageEntitiesText": <React.Fragment>
      This is where you manage entitys based on their fields. You can :
      <ul>
        <li>
          Add new entity
        </li>
        <li>
          Modify existing entity
        </li>
        <li>
          Delete existing entity
        </li>
      </ul>
    </React.Fragment>,
    "manageEntityTitle": "Manage Entities",
    "manageEntityTypes": "Manage Entity Types",
    "manageEntityTypesText": <React.Fragment>
      This is where you manage entity types based on their fields. You can :
      <ul>
        <li>
          Add new entity type
        </li>
        <li>
          Modify existing entity type
        </li>
        <li>
          Delete existing entity type
        </li>
      </ul>
    </React.Fragment>,
    "manageOrganisations": "Manage Organizations",
    "manageRoleText": <React.Fragment>
      This is where you manage roles based on their fields. You can :
      <ul>
        <li>
          Add new role
        </li>
        <li>
          Modify existing role
        </li>
        <li>
          Delete existing role
        </li>
      </ul>
    </React.Fragment>,
    "manageRoles": "Manage Roles",
    "manageRolesTitle": "Manage Roles",
    "manageUserButton": "Manage Users",
    "manageUserText": <React.Fragment>
      This is where you manage users based on their roles , regions and questionnaire access . You can :
      <ul>
        <li>
          Add new user
        </li>
        <li>
          Modify existing user
        </li>
        <li>
          Delete existing user
        </li>
      </ul>
    </React.Fragment>,
    "manageUserTitle": "User Management",
    "manageUsers": "Manage Users",
    "mdPanelButton": "Master Data",
    "mdPanelText": <React.Fragment>
      This is where you :
      <ul>
        <li>
          View all master data
        </li>
        <li>
          Modify existing data
        </li>
        <li>
          Delete existing data
        </li>
      </ul>
    </React.Fragment>,
    "mdPanelTitle": "Master Data",
    "mobileAddText": "Add Assignment",
    "mobileAdmRequired": "Administration is required: one or multiple",
    "mobileAppText": "Mobile App",
    "mobileButtonAdd": "Add new data collector",
    "mobileButtonSave": "Save",
    "mobileConfirmDelete": "Are you sure you want to delete this assignment?",
    "mobileConfirmDeletion": "Are you sure?",
    "mobileEditText": "Edit Assignment",
    "mobileErrDelete": "Unable to delete assingment",
    "mobileFormsRequired": "Form is required: one or multiple",
    "mobileLabelAdm": "Administrations",
    "mobileLabelForms": "Forms",
    "mobileLabelName": "Name",
    "mobileLevelRequired": "Level is required",
    "mobileNameRequired": "Name is required",
    "mobilePanelAddDesc": <React.Fragment>
      This page allows you to add mobile data collectors to the
       
      Test App
       platform.
    </React.Fragment>,
    "mobilePanelButton": "Manage Data Collectors",
    "mobilePanelEditDesc": <React.Fragment>
      This page allows you to edit mobile data collectors to the
       
      Test App
       platform.
    </React.Fragment>,
    "mobilePanelText": <React.Fragment>
      This is where you :
      <ul>
        <li>
          Add new mobile data collector
        </li>
        <li>
          Modify existing mobile data collector
        </li>
        <li>
          Delete existing mobile data collector
        </li>
      </ul>
    </React.Fragment>,
    "mobilePanelTitle": "Mobile Data Collectors",
    "mobileSelectAdm": "Select administrations...",
    "mobileSelectForms": "Select forms...",
    "mobileSuccessAdded": "Mobile assignment added",
    "mobileSuccessUpdated": "Mobile assignment update",
    "monitoringDataDescription": <React.Fragment>
      This is where you :
      <ul>
        <li>
          Get the list of forms that were collected for this datapoint (new and update)
        </li>
        <li>
          Edit monitoring data
        </li>
      </ul>
    </React.Fragment>,
    "monitoringDataTitle": "Monitoring data",
    "myProfile": "My Profile",
    "nameCol": "Name",
    "nameField": "Name",
    "nameFieldRequired": "Name is required",
    "nameLabel": "Name",
    "newSubmissionBtn": "Add New Submission",
    "newsEvents": "News & Events",
    "next": "Next",
    "noFormSelectedText": "No form selected",
    "noFormText": "No data",
    "noTemplate": "No templates found",
    "notAssigned": "Not assigned",
    "notesFeedback": "Notes & Feedback",
    "notifyError": "An error occured",
    "optionsField": "Options",
    "orgLabelAttr": "Organization Attributes",
    "orgLabelName": "Organization Name",
    "orgPanelButton": "Manage Organization",
    "orgPanelText": <React.Fragment>
      This is where you :
      <ul>
        <li>
          Add new organization
        </li>
        <li>
          Modify existing organization
        </li>
        <li>
          Delete existing organization
        </li>
      </ul>
    </React.Fragment>,
    "orgPanelTitle": "Manage Organization",
    "orgTabTitle": "Organisations",
    "organisationDeleteFail": "Could not delete organization",
    "organisationsLoadFail": "Could not load organizations",
    "panelApprovalsDesc": <React.Fragment>
      This is where you :
      <ul>
        <li>
          View pending data approvals awaiting your approval 
        </li>
        <li>
          View pending approvals by your subordinate approvers
        </li>
        <li>
          Assign subordinate approvers
        </li>
      </ul>
    </React.Fragment>,
    "passwordCriteriaError": "False Password Criteria",
    "passwordMatchError": "The two passwords that you entered do not match!",
    "passwordRequired": "Please input your Password!",
    "passwordRule1": "Lowercase Character",
    "passwordRule2": "Numbers",
    "passwordRule3": "Special Character ( -._!\`'#%&,:;<>=@{}~$()*+/?[]^|] )",
    "passwordRule4": "Uppercase Character",
    "passwordRule5": "No White Space",
    "passwordRule6": "Minimum 8 Characters",
    "passwordUpdateSuccess": "Password updated successfully",
    "prefilledAdmModalContent": "We're processing your request. Once complete, the prefilled administration template will be sent to your email shortly.  Please keep a close eye on your email, Thank you. ",
    "prefilledAdmModalTitle": "Prefilled Administration requested",
    "prefilledAdmUploadLabel": "Upload the data",
    "prefilledDownloadTitle": "Administrative Download",
    "prefilledPanelText": <React.Fragment>
      <p>
        This page shows your pre-filled administrative data export requests.
        <br />
        For exports which are already generated, please click on the Download button to download the data.
      </p>
    </React.Fragment>,
    "prev": "Prev",
    "printBtn": "Print",
    "profileDes": "This page shows your current user setup. It also shows the most important activities for your current user setup",
    "profileLabel": "Profile",
    "questionCol": "Question",
    "questionnaireText": "Questionnaire",
    "questionnairesLabel": "Questionnaires",
    "questionnairesRequired": "Please select at least one questionnaire access level: Read-only, Editor, or Approver.",
    "reports": "Reports",
    "requiredError": "{{field}} is required",
    "resetHint": <React.Fragment>
      Please set your password for the platform.
      <br />
      Your password must include:
    </React.Fragment>,
    "resetText": "Reset",
    "responseCol": "Response",
    "roleAccess": "Role Access",
    "roleAccessRequired": "Role access is required",
    "roleAdmLevel": "Administration Level",
    "roleAdmLevelPlaceholder": "Select administration level...",
    "roleAdmLevelRequired": "Administration level is required",
    "roleConfirmDelete": "Are you sure you want to delete {roleName}?",
    "roleDeleteTitle": "You are about to delete the role",
    "roleDescription": "Role Description",
    "roleDescriptionRequired": "Role description is required",
    "roleErrDeleteTitle": "Unable to delete the role",
    "roleErrorAdd": "Role could not be added",
    "roleErrorUpdate": "Role could not be updated",
    "roleLabel": "Role",
    "roleName": "Role Name",
    "roleNameRequired": "Role name is required",
    "roleSuccessAdded": "Role added",
    "roleSuccessDeleted": "Role deleted",
    "roleSuccessUpdated": "Role updated",
    "roleTotalUsers": "Total Users",
    "saveButton": "Save",
    "saveEditButton": "Save Edits",
    "searchEntity": "Enter name...",
    "searchEntityType": "Enter name...",
    "searchNameOrCode": "Enter name or code...",
    "searchPlaceholder": "Search...",
    "selectAttributes": "Select attributes...",
    "selectEntity": "Select entity...",
    "selectForm": "Please select a form",
    "selectFormPlaceholder": "Select Form",
    "selectLevel": "Select level...",
    "selectOne": "Select one...",
    "selectText": "Select...",
    "selectType": "Select type...",
    "sendInstructions": "Send Instructions",
    "sendNewRequest": "Notify Approver",
    "settings": "System Settings",
    "settingsDescriptionPanel": "This page allows Super Admin to maintain system critical master lists.",
    "showEmpty": "Show empty values",
    "signOut": "Sign Out",
    "submissionComment": "Submission comment",
    "submissionsText": "Submissions",
    "successAddedEntity": "Entity added",
    "successAddedOrg": "Organisation added",
    "successDataUpdated": "Data updated",
    "successDeletedEntity": "Entity deleted",
    "successDeletedOrg": "Organisation deleted",
    "successEntityDataAdded": "Entity data added",
    "successEntityDataDeleted": "Entity data deleted",
    "successEntityDataUpdated": "Entity data updated",
    "successUpdatedEntity": "Entity updated",
    "successUpdatedOrg": "Organisation updated",
    "templateDownloadAdministrationHint": "If you do not already have a template, please ",
    "templateDownloadEntityHint": "If you do not already have an entity template, please ",
    "templateDownloadHint": "If you do not already have a template, please download",
    "templateFetchFail": "Could not fetch template",
    "tourApprovals": "Placeat impedit iure quaerat neque sit quasi",
    "tourApprovers": "Magni provident aliquam harum cupiditate iste",
    "tourControlCenter": "Lorem ipsum dolor sit, amet consectetur adipisicing elit",
    "tourDataUploads": "Velit amet omnis dolores. Ad eveniet ex beatae dolorum",
    "tourDataUploadsPanel": "Velit amet omnis dolores. Ad eveniet ex beatae dolorum",
    "tourExports": "Velit amet omnis dolores. Ad eveniet ex beatae dolorum",
    "tourManageData": "Lorem ipsum dolor sit, amet consectetur adipisicing elit",
    "tourUserManagement": "Magni provident aliquam harum cupiditate iste",
    "upcomingEventText": "Upcoming Events",
    "updateDataButton": "Update data",
    "updateDataError": "Unable to update data",
    "updateExisting": "Update Existing Data",
    "updateOrganisation": "Update Organization",
    "updateUser": "Update User",
    "uploadAnotherFileLabel": "Upload Another File",
    "uploadDataLabel": "Upload your data",
    "uploadMasterDataLabel": "Upload your data",
    "uploadTab1": "Data Summary",
    "uploadTab2": "Raw Data",
    "uploadThankyouText": <React.Fragment>
      Thank you for uploading the data file. Do note that the data will be validated by the system . You will be notified via email if the data fails the validation tests . There will also be an attachment of the validation errors that needs to be corrected. If there are no validation errors , then the data will be forwarded for verification, approval, and certification
    </React.Fragment>,
    "uploading": "Uploading..",
    "uploadsTab1": "Pending Submission",
    "uploadsTab2": "Pending Approval",
    "uploadsTab3": "Approved",
    "userAssociations": "This user has following data association(s)",
    "userCol": "User",
    "userDeleteFail": "Could not delete user",
    "userEmail": "Email Address",
    "userFirstName": "First name",
    "userLastName": "Last name",
    "userNationalApprover": "National Approver",
    "userOrganisation": "Organization",
    "userPhoneNumber": "Phone Number",
    "userSelectLevelRequired": "Please select an administration level",
    "userTrained": "Trained",
    "usernameRequired": "Please input your Username!",
    "usersLoadFail": "Could not load users",
    "valEmail": "Please enter a valid Email Address",
    "valFirstName": "First name is required",
    "valLastName": "Last name is required",
    "valOrgAttributes": "Please select an Attributes",
    "valOrgName": "Organization name is required",
    "valOrganization": "Please select an Organization",
    "valPhone": "Phone number is required",
    "valRole": "Please select a Role",
    "webformText": "Webform",
    "welcomeShort": <React.Fragment>
      Welcome to the 
      <b>
        Test App
      </b>
       platform
    </React.Fragment>,
  },
}
`;
